// Jest Snapshot v1, https://goo.gl/fbAQLP

exports[`AdList should render 1`] = `
<ContextConsumer>
  <Component />
</ContextConsumer>
`;
